C51 COMPILER V9.59.0.0   0IR                                                               03/05/2020 23:38:01 PAGE 1   


C51 COMPILER V9.59.0.0, COMPILATION OF MODULE 0IR
OBJECT MODULE PLACED IN .\Objects\0IR.obj
COMPILER INVOKED BY: D:\v\C51\BIN\C51.EXE 0IR.c OPTIMIZE(8,SPEED) BROWSE DEBUG OBJECTEXTEND PRINT(.\Listings\0IR.lst) TA
                    -BS(2) OBJECT(.\Objects\0IR.obj)

line level    source

   1          #include<reg51.h>
   2          #define lcd P1
   3           
   4           
   5          sbit rs=P3^6; //register select
   6          sbit en=P3^7; //enable
   7          sbit buzzer = P3^5;  // buzzer pin
   8          void lcd_init();    // initialization function
   9          void cmd(unsigned char);  //command function 
  10          void dat(unsigned char);  // data function  
  11          void delay();   //delay function 
  12          void lcd_string(char *s);  //string function 
  13          void main()
  14          {   
  15   1        
  16   1          buzzer = 1;   //buzzer turned off
  17   1          lcd_init();   //initialize the lcd screen by giving lcd commands
  18   1          cmd(0x80);    //start from the new line
  19   1          
  20   1          delay();     //200 ms delay
  21   1          while(1){
  22   2                 lcd_string(" start");
  23   2                 delay();     
  24   2                 cmd(0x01);  //command to clear the line
  25   2                 
  26   2                 delay();
  27   2                 //cmd(0x01);
  28   2          }
  29   1      }
  30           
  31          void lcd_init()
  32          {
  33   1          cmd(0x38);    //
  34   1          cmd(0x0e);    //
  35   1          cmd(0x06);    // 
  36   1          cmd(0x01);    // 
  37   1          cmd(0x80);    // 
  38   1      }
  39           
  40          void cmd(unsigned char a)
  41          {
  42   1          lcd=a;             // command value in hex goes to lcd port 
  43   1          rs=0;              // made zero to give commands 
  44   1          en=1;              // enable the lcd ports
  45   1          delay();
  46   1          en=0;
  47   1      }
  48           
  49          void dat(unsigned char b)
  50          {
  51   1          lcd=b;         // data is given to the lcd ports
  52   1          rs=1;          // is enabled when data needs to be displayed
  53   1          en=1;
  54   1          delay();
C51 COMPILER V9.59.0.0   0IR                                                               03/05/2020 23:38:01 PAGE 2   

  55   1          en=0;
  56   1      }
  57           
  58          void lcd_string(char *s)  // function to write the string 
  59          {
  60   1          while(*s) {
  61   2             dat(*s++);
  62   2           }
  63   1      }
  64           
  65          void delay()   //delay function of 200ms 
  66          {
  67   1          unsigned int i;
  68   1          for(i=0;i<20000;i++);
  69   1      }
  70          //
  71          /*void lcd_data(unsigned int i)     //Function to send data on LCD
  72          {   int p;
  73          int k=0;
  74          while(i>0)
  75          {
  76            num[k]=i%10;
  77            i=i/10;
  78            k++;
  79          }
  80          k--;
  81          for (p=k;p>=0;p--)
  82          {
  83            c=num[p]+48;
  84            lcd = c;
  85            rw = 0;
  86            rs = 1;
  87            en = 1;
  88            delay();
  89            en = 0;
  90          }
  91          return;
  92          }*/


MODULE INFORMATION:   STATIC OVERLAYABLE
   CODE SIZE        =    136    ----
   CONSTANT SIZE    =      7    ----
   XDATA SIZE       =   ----    ----
   PDATA SIZE       =   ----    ----
   DATA SIZE        =   ----       3
   IDATA SIZE       =   ----    ----
   BIT SIZE         =   ----    ----
END OF MODULE INFORMATION.


C51 COMPILATION COMPLETE.  0 WARNING(S),  0 ERROR(S)
